null
*string: "outer"
*string: "outer"
*string: "inner"
*string: "outer"
caught a condition
*string: "outer"
