raising a signal
Error while cleaning up test: divide-by-zero - cannot divide by integer 0
