code units:
fixnum 87
fixnum 206
fixnum 146
fixnum 236
fixnum 156
fixnum 132
fixnum 240
fixnum 144
fixnum 141
fixnum 133
code points:
fixnum 87
fixnum 914
fixnum 50948
fixnum 66373
